
Allocating common symbols
Common symbol       size              file

time_start          0x4               build/t7/release/bl33z/timer.o
time_end            0x4               build/t7/release/bl33z/timer.o

Discarded input sections

 .text          0x0000000000000000        0x0 build/t7/release/bl33z/build_message.o
 .data          0x0000000000000000        0x0 build/t7/release/bl33z/build_message.o
 .bss           0x0000000000000000        0x0 build/t7/release/bl33z/build_message.o
 .rodata.build_message
                0x0000000000000000       0x59 build/t7/release/bl33z/build_message.o
 .comment       0x0000000000000000       0x75 build/t7/release/bl33z/build_message.o
 .text          0x0000000000000000        0x0 build/t7/release/bl33z/bl33z_main.o
 .data          0x0000000000000000        0x0 build/t7/release/bl33z/bl33z_main.o
 .bss           0x0000000000000000        0x0 build/t7/release/bl33z/bl33z_main.o
 .text          0x0000000000000000        0x0 build/t7/release/bl33z/cache_v8.o
 .data          0x0000000000000000        0x0 build/t7/release/bl33z/cache_v8.o
 .bss           0x0000000000000000        0x0 build/t7/release/bl33z/cache_v8.o
 .text.set_pgtable_section
                0x0000000000000000       0x14 build/t7/release/bl33z/cache_v8.o
 .text.invalidate_dcache_all
                0x0000000000000000        0x4 build/t7/release/bl33z/cache_v8.o
 .text.flush_dcache_all
                0x0000000000000000        0x4 build/t7/release/bl33z/cache_v8.o
 .text          0x0000000000000000        0x0 build/t7/release/bl33z/mem.o
 .data          0x0000000000000000        0x0 build/t7/release/bl33z/mem.o
 .bss           0x0000000000000000        0x0 build/t7/release/bl33z/mem.o
 .text.memcmp   0x0000000000000000       0x34 build/t7/release/bl33z/mem.o
 .text.memmove  0x0000000000000000       0x48 build/t7/release/bl33z/mem.o
 .text.memchr   0x0000000000000000       0x28 build/t7/release/bl33z/mem.o
 .text          0x0000000000000000        0x0 build/t7/release/bl33z/lz4_compress.o
 .data          0x0000000000000000        0x0 build/t7/release/bl33z/lz4_compress.o
 .bss           0x0000000000000000        0x0 build/t7/release/bl33z/lz4_compress.o
 .text          0x0000000000000000        0x0 build/t7/release/bl33z/ram_compress.o
 .data          0x0000000000000000        0x0 build/t7/release/bl33z/ram_compress.o
 .bss           0x0000000000000000        0x0 build/t7/release/bl33z/ram_compress.o
 .text.watchdog_ping
                0x0000000000000000        0x4 build/t7/release/bl33z/ram_compress.o
 .text.print_process
                0x0000000000000000        0x4 build/t7/release/bl33z/ram_compress.o
 .text.print_acs_ramdump_para
                0x0000000000000000        0x4 build/t7/release/bl33z/ram_compress.o
 .text          0x0000000000000000        0x0 build/t7/release/bl33z/serial.o
 .data          0x0000000000000000        0x0 build/t7/release/bl33z/serial.o
 .bss           0x0000000000000000        0x0 build/t7/release/bl33z/serial.o
 .text.serial_disable
                0x0000000000000000       0x14 build/t7/release/bl33z/serial.o
 .text.serial_tx_is_empty
                0x0000000000000000       0x14 build/t7/release/bl33z/serial.o
 .text.serial_init
                0x0000000000000000       0x7c build/t7/release/bl33z/serial.o
 .text.plat_serial_setup
                0x0000000000000000        0x8 build/t7/release/bl33z/serial.o
 .text.serial_tstc
                0x0000000000000000       0x14 build/t7/release/bl33z/serial.o
 .text.serial_getc
                0x0000000000000000       0x68 build/t7/release/bl33z/serial.o
 .text.bl2_print
                0x0000000000000000       0x4c build/t7/release/bl33z/serial.o
 .bss.g_serial_disable
                0x0000000000000000        0x4 build/t7/release/bl33z/serial.o
 .text          0x0000000000000000        0x0 build/t7/release/bl33z/timer.o
 .data          0x0000000000000000        0x0 build/t7/release/bl33z/timer.o
 .bss           0x0000000000000000        0x0 build/t7/release/bl33z/timer.o
 .text.get_time
                0x0000000000000000       0x10 build/t7/release/bl33z/timer.o
 .text          0x0000000000000000        0x0 build/t7/release/bl33z/watchdog.o
 .data          0x0000000000000000        0x0 build/t7/release/bl33z/watchdog.o
 .bss           0x0000000000000000        0x0 build/t7/release/bl33z/watchdog.o
 .text.watchdog_init
                0x0000000000000000       0x3c build/t7/release/bl33z/watchdog.o
 .text.watchdog_reset
                0x0000000000000000       0x10 build/t7/release/bl33z/watchdog.o
 .text.reset_system
                0x0000000000000000       0x50 build/t7/release/bl33z/watchdog.o
 .data          0x0000000000000000        0x0 build/t7/release/bl33z/bl33z_entrypoint.o
 .bss           0x0000000000000000        0x0 build/t7/release/bl33z/bl33z_entrypoint.o
 .data          0x0000000000000000        0x0 build/t7/release/bl33z/cache_el2.o
 .bss           0x0000000000000000        0x0 build/t7/release/bl33z/cache_el2.o

Memory Configuration

Name             Origin             Length             Attributes
RAM              0x0000000000400000 0x0000000000004000 xrw
STACK            0x0000000000800000 0x0000000000010000 xrw
*default*        0x0000000000000000 0xffffffffffffffff

Linker script and memory map

                0x0000000000400000                . = 0x400000
                0x0000000000400000                . = ALIGN (0x8)

ro              0x0000000000400000     0x2328
                0x0000000000400000                __RO_START__ = .
 *bl33z_entrypoint.o(.text*)
 .text          0x0000000000400000       0xc8 build/t7/release/bl33z/bl33z_entrypoint.o
                0x0000000000400000                bl33z_entrypoint
                0x000000000040000c                bl33z_entry
                0x0000000000400080                zeromem16
 *(.text*)
 .text.bl33z_main
                0x00000000004000c8       0x3c build/t7/release/bl33z/bl33z_main.o
                0x00000000004000c8                bl33z_main
 .text.enable_dcache
                0x0000000000400104      0x1a4 build/t7/release/bl33z/cache_v8.o
                0x0000000000400104                enable_dcache
 .text.disable_dcache
                0x00000000004002a8       0x30 build/t7/release/bl33z/cache_v8.o
                0x00000000004002a8                disable_dcache
 .text.enable_icache
                0x00000000004002d8       0x1c build/t7/release/bl33z/cache_v8.o
                0x00000000004002d8                enable_icache
 .text.disable_icache
                0x00000000004002f4       0x1c build/t7/release/bl33z/cache_v8.o
                0x00000000004002f4                disable_icache
 .text.enable_caches
                0x0000000000400310       0x24 build/t7/release/bl33z/cache_v8.o
                0x0000000000400310                enable_caches
 .text.disable_caches
                0x0000000000400334       0x14 build/t7/release/bl33z/cache_v8.o
                0x0000000000400334                disable_caches
 .text.memset   0x0000000000400348       0x1c build/t7/release/bl33z/mem.o
                0x0000000000400348                memset
 .text.memcpy   0x0000000000400364       0x20 build/t7/release/bl33z/mem.o
                0x0000000000400364                memcpy
 .text.lz4_compress
                0x0000000000400384      0x7a8 build/t7/release/bl33z/lz4_compress.o
                0x0000000000400384                lz4_compress
 .text.ram_compress_all
                0x0000000000400b2c      0x790 build/t7/release/bl33z/ram_compress.o
                0x0000000000400b2c                ram_compress_all
 .text.get_reboot_mode
                0x00000000004012bc       0x14 build/t7/release/bl33z/ram_compress.o
                0x00000000004012bc                get_reboot_mode
 .text.check_reboot_reason
                0x00000000004012d0       0xd8 build/t7/release/bl33z/ram_compress.o
                0x00000000004012d0                check_reboot_reason
 .text.save_ramp_dump
                0x00000000004013a8       0xc0 build/t7/release/bl33z/ram_compress.o
                0x00000000004013a8                save_ramp_dump
 .text.ramdump_compress_all
                0x0000000000401468      0x4b0 build/t7/release/bl33z/ram_compress.o
                0x0000000000401468                ramdump_compress_all
 .text.aml_ramdump_compress
                0x0000000000401918      0x10c build/t7/release/bl33z/ram_compress.o
                0x0000000000401918                aml_ramdump_compress
 .text.serial_putc
                0x0000000000401a24       0x48 build/t7/release/bl33z/serial.o
                0x0000000000401a24                serial_putc
 .text.serial_puts
                0x0000000000401a6c       0x30 build/t7/release/bl33z/serial.o
                0x0000000000401a6c                serial_puts
 .text.serial_put_hex
                0x0000000000401a9c       0x48 build/t7/release/bl33z/serial.o
                0x0000000000401a9c                serial_put_hex
 .text.serial_put_dec
                0x0000000000401ae4       0x64 build/t7/release/bl33z/serial.o
                0x0000000000401ae4                serial_put_dec
 .text._udelay  0x0000000000401b48       0x20 build/t7/release/bl33z/timer.o
                0x0000000000401b48                _udelay
 .text.timer_start
                0x0000000000401b68       0x18 build/t7/release/bl33z/timer.o
                0x0000000000401b68                timer_start
 .text.timer_end
                0x0000000000401b80       0x58 build/t7/release/bl33z/timer.o
                0x0000000000401b80                timer_end
 .text.watchdog_disable
                0x0000000000401bd8       0x1c build/t7/release/bl33z/watchdog.o
                0x0000000000401bd8                watchdog_disable
 .text          0x0000000000401bf4      0x1b4 build/t7/release/bl33z/cache_el2.o
                0x0000000000401bf4                __asm_get_sctlr
                0x0000000000401bfc                __asm_set_sctlr
                0x0000000000401c08                __asm_get_currentel
                0x0000000000401c10                __asm_set_ttbr_tcr_mair
                0x0000000000401c28                __asm_invalidate_tlb_all
                0x0000000000401c74                __asm_flush_dcache_level
                0x0000000000401cd8                __asm_dcache_all
                0x0000000000401d38                __asm_flush_dcache_all
                0x0000000000401d4c                __asm_invalidate_dcache_all
                0x0000000000401d60                __asm_flush_dcache_range
                0x0000000000401d94                __asm_invalidate_icache_all
                0x0000000000401da0                get_sctrl
 *(.rodata*)
 .rodata.bl33z_main.str1.1
                0x0000000000401da8       0x37 build/t7/release/bl33z/bl33z_main.o
 .rodata.enable_dcache.str1.1
                0x0000000000401ddf       0x65 build/t7/release/bl33z/cache_v8.o
                                         0x69 (size before relaxing)
 .rodata.lz4_compress.str1.1
                0x0000000000401e44       0x19 build/t7/release/bl33z/lz4_compress.o
 .rodata.aml_ramdump_compress.str1.1
                0x0000000000401e5d       0x8d build/t7/release/bl33z/ram_compress.o
 .rodata.check_reboot_reason.str1.1
                0x0000000000401eea       0x25 build/t7/release/bl33z/ram_compress.o
 .rodata.ram_compress_all.str1.1
                0x0000000000401f0f      0x1ef build/t7/release/bl33z/ram_compress.o
                                        0x201 (size before relaxing)
 .rodata.ramdump_compress_all.str1.1
                0x00000000004020fe      0x1d3 build/t7/release/bl33z/ram_compress.o
 .rodata.save_ramp_dump.str1.1
                0x00000000004022d1       0x49 build/t7/release/bl33z/ram_compress.o
 .rodata.timer_end.str1.1
                0x000000000040231a        0xd build/t7/release/bl33z/timer.o
 *(.vectors)
                0x0000000000402327                __RO_END_UNALIGNED__ = .
                0x0000000000402328                . = NEXT (0x8)
 *fill*         0x0000000000402327        0x1 
                0x0000000000402328                __RO_END__ = .

.iplt           0x0000000000402328        0x0
 .iplt          0x0000000000402328        0x0 build/t7/release/bl33z/bl33z_main.o

.rela.dyn       0x0000000000402328        0x0
 .rela.iplt     0x0000000000402328        0x0 build/t7/release/bl33z/bl33z_main.o

.data           0x0000000000402328      0x150
                0x0000000000402328                __DATA_START__ = .
 *(.data*)
 .data.debug_enable
                0x0000000000402328        0x1 build/t7/release/bl33z/bl33z_main.o
                0x0000000000402328                debug_enable
 *fill*         0x0000000000402329        0x7 
 .data.ram_compress_data
                0x0000000000402330      0x118 build/t7/release/bl33z/bl33z_main.o
                0x0000000000402330                ram_compress_data
 .data.rcwi     0x0000000000402448       0x30 build/t7/release/bl33z/ram_compress.o
                0x0000000000402478                __DATA_END__ = .
                0x0000000000402478                MARK_ADDR = .

.igot.plt       0x0000000000402478        0x0
 .igot.plt      0x0000000000402478        0x0 build/t7/release/bl33z/bl33z_main.o

stacks          0x0000000000800000        0x0
                0x0000000000800000                __STACKS_START__ = .
 *(tzfw_normal_stacks)
                0x0000000000800000                __STACKS_END__ = .
                0x0000000000402478                . = MARK_ADDR

.bss            0x0000000000402478        0x8
                0x0000000000402478                __BSS_START__ = .
 *(SORT(.bss*))
 *(COMMON)
 COMMON         0x0000000000402478        0x8 build/t7/release/bl33z/timer.o
                0x0000000000402478                time_start
                0x000000000040247c                time_end
                0x0000000000402480                __BSS_END__ = .
                0x0000000000402480                __BL33Z_END__ = .
                0x0000000000000008                __BSS_SIZE__ = SIZEOF (.bss)
                0x0000000000000001                ASSERT ((. <= 0x404000), BL33Z image has exceeded its limit.)
LOAD build/t7/release/bl33z/build_message.o
LOAD build/t7/release/bl33z/bl33z_main.o
LOAD build/t7/release/bl33z/cache_v8.o
LOAD build/t7/release/bl33z/mem.o
LOAD build/t7/release/bl33z/lz4_compress.o
LOAD build/t7/release/bl33z/ram_compress.o
LOAD build/t7/release/bl33z/serial.o
LOAD build/t7/release/bl33z/timer.o
LOAD build/t7/release/bl33z/watchdog.o
LOAD build/t7/release/bl33z/bl33z_entrypoint.o
LOAD build/t7/release/bl33z/cache_el2.o
OUTPUT(build/t7/release/bl33z/bl33z.elf elf64-littleaarch64)

.comment        0x0000000000000000       0x74
 .comment       0x0000000000000000       0x74 build/t7/release/bl33z/bl33z_main.o
                                         0x75 (size before relaxing)
 .comment       0x0000000000000074       0x75 build/t7/release/bl33z/cache_v8.o
 .comment       0x0000000000000074       0x75 build/t7/release/bl33z/mem.o
 .comment       0x0000000000000074       0x75 build/t7/release/bl33z/lz4_compress.o
 .comment       0x0000000000000074       0x75 build/t7/release/bl33z/ram_compress.o
 .comment       0x0000000000000074       0x75 build/t7/release/bl33z/serial.o
 .comment       0x0000000000000074       0x75 build/t7/release/bl33z/timer.o
 .comment       0x0000000000000074       0x75 build/t7/release/bl33z/watchdog.o
